../Drivers/BSP/src/BLE.c:33:19:AT_Send_Command	16	static
../Drivers/BSP/src/BLE.c:47:9:Check_Connect_Response	8	static
../Drivers/BSP/src/BLE.c:67:19:Bluetooth_Connect_Specified_MAC	48	static
../Drivers/BSP/src/BLE.c:101:19:Bluetooth_Connect_Specified_Name	48	static
../Drivers/BSP/src/BLE.c:139:9:HeartRate_Parser	16	static
../Drivers/BSP/src/BLE.c:162:6:BLE_UART_RxCpltCallback	16	static
../Drivers/BSP/src/BLE.c:211:6:Bluetooth_Init	16	static
../Drivers/BSP/src/BLE.c:241:9:Get_Heart_Rate	4	static
