../Drivers/BSP/src/LCD.c:10:6:delay_ms	16	static
../Drivers/BSP/src/LCD.c:14:6:LCD_GPIO_Init	8	static
../Drivers/BSP/src/LCD.c:29:13:LCD_SPI_Transmit	16	static
../Drivers/BSP/src/LCD.c:52:6:LCD_SPI_Transmit_DMA	16	static
../Drivers/BSP/src/LCD.c:64:6:LCD_DMA_TX_Callback	4	static
../Drivers/BSP/src/LCD.c:74:6:LCD_Writ_Bus	16	static
../Drivers/BSP/src/LCD.c:85:6:LCD_WR_DATA8	16	static
../Drivers/BSP/src/LCD.c:94:6:LCD_WR_DATA	16	static
../Drivers/BSP/src/LCD.c:105:6:LCD_WR_DATA_DMA	16	static
../Drivers/BSP/src/LCD.c:118:6:LCD_WR_REG	16	static
../Drivers/BSP/src/LCD.c:130:6:LCD_Address_Set	24	static
../Drivers/BSP/src/LCD.c:166:6:LCD_Init	8	static
../Drivers/BSP/src/LCD.c:266:6:LCD_DrawPoint	16	static
../Drivers/BSP/src/LCD.c:313:6:LCD_Fill	56	static
