../Drivers/BSP/src/LCD.c:9:6:delay_ms	16	static
../Drivers/BSP/src/LCD.c:13:6:LCD_GPIO_Init	8	static
../Drivers/BSP/src/LCD.c:28:13:LCD_SPI_Transmit	16	static
../Drivers/BSP/src/LCD.c:43:6:LCD_SPI_Transmit_DMA	16	static
../Drivers/BSP/src/LCD.c:56:6:LCD_DMA_TX_Callback	4	static
../Drivers/BSP/src/LCD.c:66:6:LCD_Writ_Bus	16	static
../Drivers/BSP/src/LCD.c:77:6:LCD_WR_DATA8	16	static
../Drivers/BSP/src/LCD.c:86:6:LCD_WR_DATA	16	static
../Drivers/BSP/src/LCD.c:96:6:LCD_WR_DATA_DMA	24	static
../Drivers/BSP/src/LCD.c:113:6:LCD_WR_REG	16	static
../Drivers/BSP/src/LCD.c:125:6:LCD_Address_Set	24	static
../Drivers/BSP/src/LCD.c:161:6:LCD_Init	8	static
../Drivers/BSP/src/LCD.c:261:6:LCD_DrawPoint	16	static
../Drivers/BSP/src/LCD.c:275:6:LCD_Fill	64	static
