../Middlewares/LVGL/GUI/lvgl/src/hal/../draw/../misc/lv_color.h:592:26:lv_color_t lv_color_make(uint8_t, uint8_t, uint8_t)	16	static
../Middlewares/LVGL/GUI/lvgl/src/hal/../draw/../misc/lv_color.h:693:26:lv_color_t lv_color_white()	8	static
../Middlewares/LVGL/GUI/lvgl/src/core/lv_obj.h:267:20:void lv_obj_set_user_data(lv_obj_t*, void*)	16	static
../Core/USER/APP/Pages/inc/PageBase.h:87:13:PageBase::~PageBase()	16	static
../Core/USER/APP/Pages/inc/PageBase.h:87:13:virtual PageBase::~PageBase()	16	static
../Core/USER/APP/Pages/inc/PageBase.h:90:18:virtual void PageBase::onCustomAttrConfig()	16	static
../Core/USER/APP/Pages/inc/PageBase.h:93:18:virtual void PageBase::onViewLoad()	16	static
../Core/USER/APP/Pages/inc/PageBase.h:96:18:virtual void PageBase::onViewDidLoad()	16	static
../Core/USER/APP/Pages/inc/PageBase.h:99:18:virtual void PageBase::onViewWillAppear()	16	static
../Core/USER/APP/Pages/inc/PageBase.h:102:18:virtual void PageBase::onViewDidAppear()	16	static
../Core/USER/APP/Pages/inc/PageBase.h:105:18:virtual void PageBase::onViewWillDisappear()	16	static
../Core/USER/APP/Pages/inc/PageBase.h:108:18:virtual void PageBase::onViewDidDisappear()	16	static
../Core/USER/APP/Pages/inc/PageBase.h:111:18:virtual void PageBase::onViewUnload()	16	static
../Core/USER/APP/Pages/inc/PageBase.h:114:18:virtual void PageBase::onViewDidUnload()	16	static
../Core/USER/APP/Pages/inc/PageBase.h:25:7:PageBase::PageBase()	16	static
D:\CubeIDE\bin\STM32CubeIDE_1.18.1\STM32CubeIDE\plugins\com.st.stm32cube.ide.mcu.externaltools.gnu-tools-for-stm32.13.3.rel1.win32_1.0.0.202411081344\tools\arm-none-eabi\include\c++\13.3.1\bits\stl_vector.h:133:14:std::_Vector_base<Page::TemplateModel::RawCoordinates, std::allocator<Page::TemplateModel::RawCoordinates> >::_Vector_impl::~_Vector_impl()	24	static
D:\CubeIDE\bin\STM32CubeIDE_1.18.1\STM32CubeIDE\plugins\com.st.stm32cube.ide.mcu.externaltools.gnu-tools-for-stm32.13.3.rel1.win32_1.0.0.202411081344\tools\arm-none-eabi\include\c++\13.3.1\bits\stl_vector.h:315:7:std::_Vector_base<_Tp, _Alloc>::_Vector_base() [with _Tp = Page::TemplateModel::RawCoordinates; _Alloc = std::allocator<Page::TemplateModel::RawCoordinates>]	16	static
D:\CubeIDE\bin\STM32CubeIDE_1.18.1\STM32CubeIDE\plugins\com.st.stm32cube.ide.mcu.externaltools.gnu-tools-for-stm32.13.3.rel1.win32_1.0.0.202411081344\tools\arm-none-eabi\include\c++\13.3.1\bits\stl_vector.h:531:7:std::vector<_Tp, _Alloc>::vector() [with _Tp = Page::TemplateModel::RawCoordinates; _Alloc = std::allocator<Page::TemplateModel::RawCoordinates>]	16	static
../Core/USER/APP/Pages/Template/inc/TemplateModel.h:11:7:Page::TemplateModel::TemplateModel()	24	static
../Core/USER/APP/Pages/Template/inc/TemplateModel.h:11:7:Page::TemplateModel::~TemplateModel()	16	static
../Core/USER/APP/Pages/Template/src/Template.cpp:5:1:Page::Template::Template()	16	static
../Core/USER/APP/Pages/Template/src/Template.cpp:10:1:Page::Template::~Template()	16	static
../Core/USER/APP/Pages/Template/src/Template.cpp:10:1:virtual Page::Template::~Template()	16	static
../Core/USER/APP/Pages/Template/src/Template.cpp:15:6:void Page::Template::UpdateChart(int, int)	88	static
../Core/USER/APP/Pages/Template/src/Template.cpp:83:13:void counter_timer_cb(lv_timer_t*)	24	static
../Core/USER/APP/Pages/Template/src/Template.cpp:89:6:void Page::Template::updateCounter()	16	static
../Core/USER/APP/Pages/Template/src/Template.cpp:110:6:virtual void Page::Template::onCustomAttrConfig()	16	static
../Core/USER/APP/Pages/Template/src/Template.cpp:117:6:virtual void Page::Template::onViewLoad()	16	static
../Core/USER/APP/Pages/Template/src/Template.cpp:134:6:virtual void Page::Template::onViewDidLoad()	16	static
../Core/USER/APP/Pages/Template/src/Template.cpp:139:6:virtual void Page::Template::onViewWillAppear()	24	static
../Core/USER/APP/Pages/Template/src/Template.cpp:155:6:virtual void Page::Template::onViewDidAppear()	16	static
../Core/USER/APP/Pages/Template/src/Template.cpp:160:6:virtual void Page::Template::onViewWillDisappear()	16	static
../Core/USER/APP/Pages/Template/src/Template.cpp:165:6:virtual void Page::Template::onViewDidDisappear()	16	static
../Core/USER/APP/Pages/Template/src/Template.cpp:171:6:virtual void Page::Template::onViewUnload()	16	static
../Core/USER/APP/Pages/Template/src/Template.cpp:176:6:virtual void Page::Template::onViewDidUnload()	16	static
../Core/USER/APP/Pages/Template/src/Template.cpp:181:6:void Page::Template::AttachEvent(lv_obj_t*)	16	static
../Core/USER/APP/Pages/Template/src/Template.cpp:187:6:void Page::Template::Update()	16	static
../Core/USER/APP/Pages/Template/src/Template.cpp:192:6:static void Page::Template::onTimerUpdate(lv_timer_t*)	24	static
../Core/USER/APP/Pages/Template/src/Template.cpp:199:6:static void Page::Template::onEvent(lv_event_t*)	32	static
D:\CubeIDE\bin\STM32CubeIDE_1.18.1\STM32CubeIDE\plugins\com.st.stm32cube.ide.mcu.externaltools.gnu-tools-for-stm32.13.3.rel1.win32_1.0.0.202411081344\tools\arm-none-eabi\include\c++\13.3.1\bits\stl_vector.h:137:2:std::_Vector_base<_Tp, _Alloc>::_Vector_impl::_Vector_impl() [with _Tp = Page::TemplateModel::RawCoordinates; _Alloc = std::allocator<Page::TemplateModel::RawCoordinates>]	24	static
D:\CubeIDE\bin\STM32CubeIDE_1.18.1\STM32CubeIDE\plugins\com.st.stm32cube.ide.mcu.externaltools.gnu-tools-for-stm32.13.3.rel1.win32_1.0.0.202411081344\tools\arm-none-eabi\include\c++\13.3.1\bits\stl_vector.h:367:7:std::_Vector_base<_Tp, _Alloc>::~_Vector_base() [with _Tp = Page::TemplateModel::RawCoordinates; _Alloc = std::allocator<Page::TemplateModel::RawCoordinates>]	16	static
D:\CubeIDE\bin\STM32CubeIDE_1.18.1\STM32CubeIDE\plugins\com.st.stm32cube.ide.mcu.externaltools.gnu-tools-for-stm32.13.3.rel1.win32_1.0.0.202411081344\tools\arm-none-eabi\include\c++\13.3.1\bits\stl_vector.h:733:7:std::vector<_Tp, _Alloc>::~vector() [with _Tp = Page::TemplateModel::RawCoordinates; _Alloc = std::allocator<Page::TemplateModel::RawCoordinates>]	40	static
D:\CubeIDE\bin\STM32CubeIDE_1.18.1\STM32CubeIDE\plugins\com.st.stm32cube.ide.mcu.externaltools.gnu-tools-for-stm32.13.3.rel1.win32_1.0.0.202411081344\tools\arm-none-eabi\include\c++\13.3.1\bits\stl_vector.h:992:7:std::vector<_Tp, _Alloc>::size_type std::vector<_Tp, _Alloc>::size() const [with _Tp = Page::TemplateModel::RawCoordinates; _Alloc = std::allocator<Page::TemplateModel::RawCoordinates>]	16	static
D:\CubeIDE\bin\STM32CubeIDE_1.18.1\STM32CubeIDE\plugins\com.st.stm32cube.ide.mcu.externaltools.gnu-tools-for-stm32.13.3.rel1.win32_1.0.0.202411081344\tools\arm-none-eabi\include\c++\13.3.1\bits\stl_vector.h:1126:7:std::vector<_Tp, _Alloc>::reference std::vector<_Tp, _Alloc>::operator[](size_type) [with _Tp = Page::TemplateModel::RawCoordinates; _Alloc = std::allocator<Page::TemplateModel::RawCoordinates>]	16	static
D:\CubeIDE\bin\STM32CubeIDE_1.18.1\STM32CubeIDE\plugins\com.st.stm32cube.ide.mcu.externaltools.gnu-tools-for-stm32.13.3.rel1.win32_1.0.0.202411081344\tools\arm-none-eabi\include\c++\13.3.1\bits\new_allocator.h:104:7:std::__new_allocator<_Tp>::~__new_allocator() [with _Tp = char]	16	static
D:\CubeIDE\bin\STM32CubeIDE_1.18.1\STM32CubeIDE\plugins\com.st.stm32cube.ide.mcu.externaltools.gnu-tools-for-stm32.13.3.rel1.win32_1.0.0.202411081344\tools\arm-none-eabi\include\c++\13.3.1\bits\stl_vector.h:99:2:std::_Vector_base<_Tp, _Alloc>::_Vector_impl_data::_Vector_impl_data() [with _Tp = Page::TemplateModel::RawCoordinates; _Alloc = std::allocator<Page::TemplateModel::RawCoordinates>]	16	static
D:\CubeIDE\bin\STM32CubeIDE_1.18.1\STM32CubeIDE\plugins\com.st.stm32cube.ide.mcu.externaltools.gnu-tools-for-stm32.13.3.rel1.win32_1.0.0.202411081344\tools\arm-none-eabi\include\c++\13.3.1\bits\new_allocator.h:104:7:std::__new_allocator<_Tp>::~__new_allocator() [with _Tp = Page::TemplateModel::RawCoordinates]	16	static
D:\CubeIDE\bin\STM32CubeIDE_1.18.1\STM32CubeIDE\plugins\com.st.stm32cube.ide.mcu.externaltools.gnu-tools-for-stm32.13.3.rel1.win32_1.0.0.202411081344\tools\arm-none-eabi\include\c++\13.3.1\bits\stl_vector.h:386:7:void std::_Vector_base<_Tp, _Alloc>::_M_deallocate(pointer, std::size_t) [with _Tp = Page::TemplateModel::RawCoordinates; _Alloc = std::allocator<Page::TemplateModel::RawCoordinates>]	40	static
D:\CubeIDE\bin\STM32CubeIDE_1.18.1\STM32CubeIDE\plugins\com.st.stm32cube.ide.mcu.externaltools.gnu-tools-for-stm32.13.3.rel1.win32_1.0.0.202411081344\tools\arm-none-eabi\include\c++\13.3.1\bits\stl_vector.h:301:7:std::_Vector_base<_Tp, _Alloc>::_Tp_alloc_type& std::_Vector_base<_Tp, _Alloc>::_M_get_Tp_allocator() [with _Tp = Page::TemplateModel::RawCoordinates; _Alloc = std::allocator<Page::TemplateModel::RawCoordinates>]	16	static
D:\CubeIDE\bin\STM32CubeIDE_1.18.1\STM32CubeIDE\plugins\com.st.stm32cube.ide.mcu.externaltools.gnu-tools-for-stm32.13.3.rel1.win32_1.0.0.202411081344\tools\arm-none-eabi\include\c++\13.3.1\bits\stl_construct.h:182:5:void std::_Destroy(_ForwardIterator, _ForwardIterator) [with _ForwardIterator = Page::TemplateModel::RawCoordinates*]	16	static
D:\CubeIDE\bin\STM32CubeIDE_1.18.1\STM32CubeIDE\plugins\com.st.stm32cube.ide.mcu.externaltools.gnu-tools-for-stm32.13.3.rel1.win32_1.0.0.202411081344\tools\arm-none-eabi\include\c++\13.3.1\bits\new_allocator.h:156:7:void std::__new_allocator<_Tp>::deallocate(_Tp*, size_type) [with _Tp = Page::TemplateModel::RawCoordinates]	24	static
D:\CubeIDE\bin\STM32CubeIDE_1.18.1\STM32CubeIDE\plugins\com.st.stm32cube.ide.mcu.externaltools.gnu-tools-for-stm32.13.3.rel1.win32_1.0.0.202411081344\tools\arm-none-eabi\include\c++\13.3.1\bits\stl_construct.h:172:9:static void std::_Destroy_aux<true>::__destroy(_ForwardIterator, _ForwardIterator) [with _ForwardIterator = Page::TemplateModel::RawCoordinates*]	16	static
