../Middlewares/LVGL/GUI/lvgl/examples/porting/lv_port_fs_template.c:61:6:lv_port_fs_init	8	static
../Middlewares/LVGL/GUI/lvgl/examples/porting/lv_port_fs_template.c:96:13:fs_init	16	static
../Middlewares/LVGL/GUI/lvgl/examples/porting/lv_port_fs_template.c:117:14:fs_open	40	static
../Middlewares/LVGL/GUI/lvgl/examples/porting/lv_port_fs_template.c:156:20:fs_close	16	static
../Middlewares/LVGL/GUI/lvgl/examples/porting/lv_port_fs_template.c:176:20:fs_read	32	static
../Middlewares/LVGL/GUI/lvgl/examples/porting/lv_port_fs_template.c:197:20:fs_write	32	static
../Middlewares/LVGL/GUI/lvgl/examples/porting/lv_port_fs_template.c:214:20:fs_seek	24	static
../Middlewares/LVGL/GUI/lvgl/examples/porting/lv_port_fs_template.c:241:20:fs_tell	24	static
../Middlewares/LVGL/GUI/lvgl/examples/porting/lv_port_fs_template.c:256:15:fs_dir_open	32	static
../Middlewares/LVGL/GUI/lvgl/examples/porting/lv_port_fs_template.c:282:20:fs_dir_read	312	static
../Middlewares/LVGL/GUI/lvgl/examples/porting/lv_port_fs_template.c:309:20:fs_dir_close	16	static
