../Core/USER/APP/Pages/src/ResourcePool.cpp:27:17:void Resource_Init()	4	static
../Core/USER/APP/Pages/src/ResourcePool.cpp:73:6:void ResourcePool::Init()	8	static
../Core/USER/APP/Pages/src/ResourcePool.cpp:79:12:lv_font_t* ResourcePool::GetFont(const char*)	16	static
../Core/USER/APP/Pages/src/ResourcePool.cpp:83:13:const void* ResourcePool::GetImage(const char*)	16	static
../Core/USER/APP/Pages/src/ResourcePool.cpp:86:1:void __static_initialization_and_destruction_0()	8	static
../Core/USER/APP/Pages/src/ResourcePool.cpp:86:1:void __static_initialization_and_destruction_1()	8	static
../Core/USER/APP/Pages/src/ResourcePool.cpp:86:1:cpp)	8	static
../Core/USER/APP/Pages/src/ResourcePool.cpp:86:1:cpp)	8	static
